<html>
<body>
<pre>
<h1>µVision Build Log</h1>
<h2>Project:</h2>
E:\workspace\CAFFE\GATEWAY\Project\gateway_caffe.uvproj
Project File Date:  09/28/2015

<h2>Output:</h2>
Build target 'Target 1'
assembling startup_stm32f10x_md.s...
compiling core_cm3.c...
compiling system_stm32f10x.c...
compiling misc.c...
compiling stm32f10x_adc.c...
compiling stm32f10x_bkp.c...
compiling stm32f10x_can.c...
compiling stm32f10x_cec.c...
compiling stm32f10x_crc.c...
compiling stm32f10x_dac.c...
compiling stm32f10x_dbgmcu.c...
compiling stm32f10x_dma.c...
compiling stm32f10x_exti.c...
compiling stm32f10x_flash.c...
compiling stm32f10x_fsmc.c...
compiling stm32f10x_gpio.c...
compiling stm32f10x_i2c.c...
compiling stm32f10x_iwdg.c...
compiling stm32f10x_pwr.c...
compiling stm32f10x_rcc.c...
compiling stm32f10x_rtc.c...
compiling stm32f10x_sdio.c...
compiling stm32f10x_spi.c...
compiling stm32f10x_tim.c...
compiling stm32f10x_usart.c...
compiling stm32f10x_wwdg.c...
compiling main.c...
..\User\main.c(24): error:  #5: cannot open source input file "stm32_eval.h": No such file or directory
compiling stm32f10x_it.c...
Target not created
Build target 'Target 1'
compiling main.c...
..\User\main.c(102): warning:  #223-D: function "STM_EVAL_LEDInit" declared implicitly
..\User\main.c(102): error:  #20: identifier "LED1" is undefined
..\User\main.c(103): error:  #20: identifier "LED2" is undefined
..\User\main.c(104): error:  #20: identifier "LED3" is undefined
..\User\main.c(105): error:  #20: identifier "LED4" is undefined
..\User\main.c(122): warning:  #223-D: function "STM_EVAL_COMInit" declared implicitly
..\User\main.c(122): error:  #20: identifier "COM1" is undefined
..\User\main.c(139): warning:  #223-D: function "LCD_Clear" declared implicitly
..\User\main.c(139): error:  #20: identifier "LCD_COLOR_WHITE" is undefined
..\User\main.c(142): warning:  #223-D: function "LCD_SetBackColor" declared implicitly
..\User\main.c(142): error:  #20: identifier "LCD_COLOR_BLUE" is undefined
..\User\main.c(144): warning:  #223-D: function "LCD_SetTextColor" declared implicitly
..\User\main.c(145): warning:  #223-D: function "LCD_DisplayStringLine" declared implicitly
..\User\main.c(145): error:  #20: identifier "LCD_LINE_0" is undefined
..\User\main.c(145): error:  #20: identifier "MESSAGE1" is undefined
..\User\main.c(146): error:  #20: identifier "LCD_LINE_1" is undefined
..\User\main.c(146): error:  #20: identifier "MESSAGE2" is undefined
..\User\main.c(147): error:  #20: identifier "LCD_LINE_2" is undefined
..\User\main.c(147): error:  #20: identifier "MESSAGE3" is undefined
..\User\main.c(156): warning:  #223-D: function "STM_EVAL_LEDOn" declared implicitly
..\User\main.c(179): error:  #20: identifier "EVAL_COM1" is undefined
Target not created
Build target 'Target 1'
compiling main.c...
..\User\main.c(179): error:  #20: identifier "EVAL_COM1" is undefined
Target not created
Build target 'Target 1'
compiling main.c...
..\User\main.c(182): error:  #20: identifier "EVAL_COM1" is undefined
Target not created
Build target 'Target 1'
compiling main.c...
linking...
Program Size: Code=460 RO-data=252 RW-data=0 ZI-data=1024  
FromELF: creating hex file...
"..\Output\gateway_caffe.axf" - 0 Error(s), 0 Warning(s).
